// Jest Snapshot v1, https://goo.gl/fbAQLP

exports[`<SuggestionList /> should render a list of suggestions 1`] = `
<Provider
  store={
    Object {
      "dispatch": [Function],
      "getState": [Function],
      "replaceReducer": [Function],
      "subscribe": [Function],
      Symbol(observable): [Function],
    }
  }
>
  <Connect(SuggestionList)
    bottomHeight={10}
    isIOSTheme={[Function]}
    onClick={[Function]}
  >
    <SuggestionList
      bottomHeight={10}
      dispatch={[Function]}
      fetching={false}
      isIOSTheme={[Function]}
      onClick={[Function]}
      suggestions={
        Array [
          "foo",
          "foo bar",
          "foo bar buz",
          "foo bar buz quz",
        ]
      }
    >
      <div
        className="css-rtftpe css-90ryaa"
      >
        <List>
          <List
            className=""
          >
            <ul
              className=""
            >
              <ListItem
                className="css-1brrprg css-1ym3l2n"
                isSelected={false}
                key="child-0/.$foo"
              >
                <li
                  className="css-1p5q8vq css-1brrprg css-1ym3l2n css-16gj3o1"
                  data-test-id="listItem"
                >
                  <div
                    className="css-1nnz83b"
                  >
                    <SearchSuggestion
                      key="foo"
                      onClick={[Function]}
                      suggestion="foo"
                    >
                      <Item
                        className={null}
                        image={null}
                        isDisabled={false}
                        isSelected={false}
                        link={null}
                        onClick={[Function]}
                        rightComponent={null}
                        testId={null}
                        title="foo"
                      >
                        <div
                          aria-hidden={true}
                          data-test-id={null}
                          onClick={[Function]}
                        >
                          <Glow
                            className={null}
                            color="#f7f7f7"
                            styles={
                              Object {
                                "container": null,
                                "glow": null,
                              }
                            }
                          >
                            <div
                              aria-hidden={true}
                              className="css-13azwyo"
                              onClick={[Function]}
                              style={null}
                            >
                              <div
                                className="css-1bmd5dz"
                                style={Object {}}
                              />
                              <Grid
                                className="css-1qcr7hz"
                                component="div"
                                wrap={false}
                              >
                                <div
                                  className="css-1qcr7hz css-h7r55a"
                                >
                                  <div
                                    className="css-jwxytc"
                                  />
                                  <GridItem
                                    className="css-10fxwvh"
                                    component="div"
                                    grow={1}
                                    shrink={1}
                                  >
                                    <div
                                      className="css-10fxwvh css-1gs0ko2"
                                    >
                                      foo
                                    </div>
                                  </GridItem>
                                </div>
                              </Grid>
                            </div>
                          </Glow>
                        </div>
                      </Item>
                    </SearchSuggestion>
                  </div>
                </li>
              </ListItem>
              <ListItem
                className="css-1brrprg css-1ym3l2n"
                isSelected={false}
                key="child-1/.$foo bar"
              >
                <li
                  className="css-1p5q8vq css-1brrprg css-1ym3l2n css-16gj3o1"
                  data-test-id="listItem"
                >
                  <div
                    className="css-1nnz83b"
                  >
                    <SearchSuggestion
                      key="foo bar"
                      onClick={[Function]}
                      suggestion="foo bar"
                    >
                      <Item
                        className={null}
                        image={null}
                        isDisabled={false}
                        isSelected={false}
                        link={null}
                        onClick={[Function]}
                        rightComponent={null}
                        testId={null}
                        title="foo bar"
                      >
                        <div
                          aria-hidden={true}
                          data-test-id={null}
                          onClick={[Function]}
                        >
                          <Glow
                            className={null}
                            color="#f7f7f7"
                            styles={
                              Object {
                                "container": null,
                                "glow": null,
                              }
                            }
                          >
                            <div
                              aria-hidden={true}
                              className="css-13azwyo"
                              onClick={[Function]}
                              style={null}
                            >
                              <div
                                className="css-1bmd5dz"
                                style={Object {}}
                              />
                              <Grid
                                className="css-1qcr7hz"
                                component="div"
                                wrap={false}
                              >
                                <div
                                  className="css-1qcr7hz css-h7r55a"
                                >
                                  <div
                                    className="css-jwxytc"
                                  />
                                  <GridItem
                                    className="css-10fxwvh"
                                    component="div"
                                    grow={1}
                                    shrink={1}
                                  >
                                    <div
                                      className="css-10fxwvh css-1gs0ko2"
                                    >
                                      foo bar
                                    </div>
                                  </GridItem>
                                </div>
                              </Grid>
                            </div>
                          </Glow>
                        </div>
                      </Item>
                    </SearchSuggestion>
                  </div>
                </li>
              </ListItem>
              <ListItem
                className="css-1brrprg css-1ym3l2n"
                isSelected={false}
                key="child-2/.$foo bar buz"
              >
                <li
                  className="css-1p5q8vq css-1brrprg css-1ym3l2n css-16gj3o1"
                  data-test-id="listItem"
                >
                  <div
                    className="css-1nnz83b"
                  >
                    <SearchSuggestion
                      key="foo bar buz"
                      onClick={[Function]}
                      suggestion="foo bar buz"
                    >
                      <Item
                        className={null}
                        image={null}
                        isDisabled={false}
                        isSelected={false}
                        link={null}
                        onClick={[Function]}
                        rightComponent={null}
                        testId={null}
                        title="foo bar buz"
                      >
                        <div
                          aria-hidden={true}
                          data-test-id={null}
                          onClick={[Function]}
                        >
                          <Glow
                            className={null}
                            color="#f7f7f7"
                            styles={
                              Object {
                                "container": null,
                                "glow": null,
                              }
                            }
                          >
                            <div
                              aria-hidden={true}
                              className="css-13azwyo"
                              onClick={[Function]}
                              style={null}
                            >
                              <div
                                className="css-1bmd5dz"
                                style={Object {}}
                              />
                              <Grid
                                className="css-1qcr7hz"
                                component="div"
                                wrap={false}
                              >
                                <div
                                  className="css-1qcr7hz css-h7r55a"
                                >
                                  <div
                                    className="css-jwxytc"
                                  />
                                  <GridItem
                                    className="css-10fxwvh"
                                    component="div"
                                    grow={1}
                                    shrink={1}
                                  >
                                    <div
                                      className="css-10fxwvh css-1gs0ko2"
                                    >
                                      foo bar buz
                                    </div>
                                  </GridItem>
                                </div>
                              </Grid>
                            </div>
                          </Glow>
                        </div>
                      </Item>
                    </SearchSuggestion>
                  </div>
                </li>
              </ListItem>
              <ListItem
                className="css-1brrprg"
                isSelected={false}
                key="child-3/.$foo bar buz quz"
              >
                <li
                  className="css-1p5q8vq css-1brrprg css-16gj3o1"
                  data-test-id="listItem"
                >
                  <div
                    className="css-1nnz83b"
                  >
                    <SearchSuggestion
                      key="foo bar buz quz"
                      onClick={[Function]}
                      suggestion="foo bar buz quz"
                    >
                      <Item
                        className={null}
                        image={null}
                        isDisabled={false}
                        isSelected={false}
                        link={null}
                        onClick={[Function]}
                        rightComponent={null}
                        testId={null}
                        title="foo bar buz quz"
                      >
                        <div
                          aria-hidden={true}
                          data-test-id={null}
                          onClick={[Function]}
                        >
                          <Glow
                            className={null}
                            color="#f7f7f7"
                            styles={
                              Object {
                                "container": null,
                                "glow": null,
                              }
                            }
                          >
                            <div
                              aria-hidden={true}
                              className="css-13azwyo"
                              onClick={[Function]}
                              style={null}
                            >
                              <div
                                className="css-1bmd5dz"
                                style={Object {}}
                              />
                              <Grid
                                className="css-1qcr7hz"
                                component="div"
                                wrap={false}
                              >
                                <div
                                  className="css-1qcr7hz css-h7r55a"
                                >
                                  <div
                                    className="css-jwxytc"
                                  />
                                  <GridItem
                                    className="css-10fxwvh"
                                    component="div"
                                    grow={1}
                                    shrink={1}
                                  >
                                    <div
                                      className="css-10fxwvh css-1gs0ko2"
                                    >
                                      foo bar buz quz
                                    </div>
                                  </GridItem>
                                </div>
                              </Grid>
                            </div>
                          </Glow>
                        </div>
                      </Item>
                    </SearchSuggestion>
                  </div>
                </li>
              </ListItem>
            </ul>
          </List>
        </List>
      </div>
    </SuggestionList>
  </Connect(SuggestionList)>
</Provider>
`;
