// Jest Snapshot v1, https://goo.gl/fbAQLP

exports[`<SearchSuggestion should render 1`] = `
<SearchSuggestion
  onClick={[Function]}
  suggestion="foo"
>
  <Item
    className={null}
    image={null}
    isDisabled={false}
    isSelected={false}
    link={null}
    onClick={[Function]}
    rightComponent={null}
    testId={null}
    title="foo"
  >
    <div
      aria-hidden={true}
      data-test-id={null}
      onClick={[Function]}
    >
      <ForwardRef(WithForwardedRef(Glow))
        className={null}
      >
        <Glow
          className={null}
          color="#f7f7f7"
          forwardedRef={null}
          styles={
            Object {
              "container": null,
              "glow": null,
              "hover": null,
            }
          }
        >
          <div
            className="css-13azwyo"
            onClick={[Function]}
            style={null}
          >
            <div
              className="css-1bmd5dz"
              style={Object {}}
            />
            <Grid
              className="css-1qcr7hz"
              component="div"
              wrap={false}
            >
              <div
                className="css-1qcr7hz css-h7r55a"
              >
                <div
                  className="css-jwxytc"
                />
                <GridItem
                  className="css-10fxwvh"
                  component="div"
                  grow={1}
                  shrink={1}
                >
                  <div
                    className="css-10fxwvh css-1gs0ko2"
                  >
                    foo
                  </div>
                </GridItem>
              </div>
            </Grid>
          </div>
        </Glow>
      </ForwardRef(WithForwardedRef(Glow))>
    </div>
  </Item>
</SearchSuggestion>
`;
